12:01:25 [INFO] =================================================================
12:01:25 [INFO]   BookMaker.eu Auto Scraper Orchestrator
12:01:25 [INFO]   Scrapers : live, pregame, futures
12:01:25 [INFO]   Schedule :
12:01:25 [INFO]     Live Scraper         every 1s–5s  (crash cool-down: 1s–5s)
12:01:25 [INFO]     Pregame Scraper      every 10s–15s  (crash cool-down: 10s–15s)
12:01:25 [INFO]     Futures Scraper      every 50s–55s  (crash cool-down: 50s–55s)
12:01:25 [INFO]   Log dir  : F:\bookmaker\logs
12:01:25 [INFO]   Press Ctrl+C to stop.
12:01:25 [INFO] =================================================================
12:01:25 [INFO] [Live Scraper] ▶ Starting run #1…
12:01:27 [INFO] [Pregame Scraper] ▶ Starting run #1…
12:01:29 [INFO] [Futures Scraper] ▶ Starting run #1…
12:03:11 [INFO] [Futures Scraper] ✔ Run #1 completed in 1m 41s.
12:03:11 [INFO] [Futures Scraper] Completed successfully — next run in 50s.
12:04:02 [INFO] [Futures Scraper] ▶ Starting run #2…
12:04:48 [INFO] [Live Scraper] ✔ Run #1 completed in 3m 23s.
12:04:48 [INFO] [Live Scraper] Completed successfully — next run in 3s.
12:04:52 [INFO] [Live Scraper] ▶ Starting run #2…
12:05:42 [INFO] [Futures Scraper] ✔ Run #2 completed in 1m 40s.
12:05:42 [INFO] [Futures Scraper] Completed successfully — next run in 52s.
12:06:01 [INFO] [Pregame Scraper] ✔ Run #1 completed in 4m 33s.
12:06:01 [INFO] [Pregame Scraper] Completed successfully — next run in 10s.
12:06:11 [INFO] [Pregame Scraper] ▶ Starting run #2…
12:06:31 [INFO] [Heartbeat] Live Scraper: runs=1, last=1m 42s ago, PID 2896 | Pregame Scraper: runs=1, last=30s ago, PID 1612 | Futures Scraper: runs=2, last=49s ago, waiting
12:06:35 [INFO] [Futures Scraper] ▶ Starting run #3…
12:08:33 [INFO] [Futures Scraper] ✔ Run #3 completed in 1m 58s.
12:08:33 [INFO] [Futures Scraper] Completed successfully — next run in 50s.
12:08:51 [INFO] [Live Scraper] ✔ Run #2 completed in 3m 58s.
12:08:51 [INFO] [Live Scraper] Completed successfully — next run in 4s.
12:08:56 [INFO] [Live Scraper] ▶ Starting run #3…
12:09:23 [INFO] [Futures Scraper] ▶ Starting run #4…
12:10:57 [INFO] [Pregame Scraper] ✔ Run #2 completed in 4m 45s.
12:10:57 [INFO] [Pregame Scraper] Completed successfully — next run in 10s.
12:11:05 [INFO] [Futures Scraper] ✔ Run #4 completed in 1m 41s.
12:11:05 [INFO] [Futures Scraper] Completed successfully — next run in 53s.
12:11:07 [INFO] [Pregame Scraper] ▶ Starting run #3…
12:11:31 [INFO] [Heartbeat] Live Scraper: runs=2, last=2m 40s ago, PID 17984 | Pregame Scraper: runs=2, last=34s ago, PID 18692 | Futures Scraper: runs=4, last=26s ago, waiting
12:11:59 [INFO] [Futures Scraper] ▶ Starting run #5…
12:12:26 [INFO] [Live Scraper] ✔ Run #3 completed in 3m 30s.
12:12:26 [INFO] [Live Scraper] Completed successfully — next run in 2s.
12:12:29 [INFO] [Live Scraper] ▶ Starting run #4…
