12:07:20 [INFO] =================================================================
12:07:20 [INFO]   BookMaker.eu Auto Scraper Orchestrator
12:07:20 [INFO]   Scrapers : live, pregame, futures
12:07:20 [INFO]   Schedule :
12:07:20 [INFO]     Live Scraper         every 1s–5s  (crash cool-down: 1s–5s)
12:07:20 [INFO]     Pregame Scraper      every 10s–15s  (crash cool-down: 10s–15s)
12:07:20 [INFO]     Futures Scraper      every 50s–55s  (crash cool-down: 50s–55s)
12:07:20 [INFO]   Log dir  : F:\bookmaker\logs
12:07:20 [INFO]   Press Ctrl+C to stop.
12:07:20 [INFO] =================================================================
12:07:20 [INFO] [Live Scraper] >> Starting run #1...
12:07:22 [INFO] [Pregame Scraper] >> Starting run #1...
12:07:24 [INFO] [Futures Scraper] >> Starting run #1...
12:09:10 [INFO] [Futures Scraper] [OK] Run #1 completed in 1m 46s.
12:09:10 [INFO] [Futures Scraper] Completed successfully — next run in 54s.
12:10:05 [INFO] [Futures Scraper] >> Starting run #2...
12:10:44 [INFO] [Live Scraper] [OK] Run #1 completed in 3m 24s.
12:10:44 [INFO] [Live Scraper] Completed successfully — next run in 1s.
12:10:46 [INFO] [Live Scraper] >> Starting run #2...
12:11:45 [INFO] [Futures Scraper] [OK] Run #2 completed in 1m 40s.
12:11:45 [INFO] [Futures Scraper] Completed successfully — next run in 52s.
12:12:01 [INFO] [Pregame Scraper] [OK] Run #1 completed in 4m 39s.
12:12:01 [INFO] [Pregame Scraper] Completed successfully — next run in 12s.
12:12:14 [INFO] [Pregame Scraper] >> Starting run #2...
12:12:26 [INFO] [Heartbeat] Live Scraper: runs=1, last=1m 41s ago, PID 3004 | Pregame Scraper: runs=1, last=24s ago, PID 19608 | Futures Scraper: runs=2, last=40s ago, waiting
12:12:38 [INFO] [Futures Scraper] >> Starting run #3...
12:13:09 [WARNING] [Futures Scraper] [FAIL] Run #3 exited with code 4294967295 after 30s. Crash #1
12:13:09 [INFO] [Futures Scraper] Crashed (code 4294967295), cooling down — next run in 52s.
12:13:09 [WARNING] [Live Scraper] [FAIL] Run #2 exited with code 4294967295 after 2m 22s. Crash #1
12:13:09 [INFO] [Live Scraper] Crashed (code 4294967295), cooling down — next run in 4s.
